19:34:44 **** Incremental Build of configuration Debug for project Task2 ****
make -j4 all 
arm-none-eabi-gcc "../Core/Src/main.c" -mcpu=cortex-m4 -std=gnu11 -g3 -DDEBUG -DUSE_HAL_DRIVER -DSTM32F407xx -c -I../Core/Inc -I../Drivers/STM32F4xx_HAL_Driver/Inc -I../Drivers/STM32F4xx_HAL_Driver/Inc/Legacy -I../Drivers/CMSIS/Device/ST/STM32F4xx/Include -I../Drivers/CMSIS/Include -O0 -ffunction-sections -fdata-sections -Wall -fstack-usage -MMD -MP -MF"Core/Src/main.d" -MT"Core/Src/main.o" --specs=nano.specs -mfpu=fpv4-sp-d16 -mfloat-abi=hard -mthumb -o "Core/Src/main.o"
arm-none-eabi-gcc -o "Task2.elf" @"objects.list"   -mcpu=cortex-m4 -T"/home/pigeon/STM32CubeIDE/workspace_1.7.0/Task2/STM32F407VGTX_FLASH.ld" --specs=nosys.specs -Wl,-Map="Task2.map" -Wl,--gc-sections -static --specs=nano.specs -mfpu=fpv4-sp-d16 -mfloat-abi=hard -mthumb -Wl,--start-group -lc -lm -Wl,--end-group
Finished building target: Task2.elf
 
arm-none-eabi-size   Task2.elf 
arm-none-eabi-objdump -h -S  Task2.elf  > "Task2.list"
arm-none-eabi-objcopy  -O binary  Task2.elf  "Task2.bin"
   text	   data	    bss	    dec	    hex	filename
   6576	     28	   1572	   8176	   1ff0	Task2.elf
Finished building: default.size.stdout
 
Finished building: Task2.bin
 
Finished building: Task2.list
 
15:42:29 **** Incremental Build of configuration Debug for project Task2 ****
make -j4 all 
arm-none-eabi-gcc "../Core/Src/main.c" -mcpu=cortex-m4 -std=gnu11 -g3 -DDEBUG -DUSE_HAL_DRIVER -DSTM32F407xx -c -I../Core/Inc -I../Drivers/STM32F4xx_HAL_Driver/Inc -I../Drivers/STM32F4xx_HAL_Driver/Inc/Legacy -I../Drivers/CMSIS/Device/ST/STM32F4xx/Include -I../Drivers/CMSIS/Include -O0 -ffunction-sections -fdata-sections -Wall -fstack-usage -MMD -MP -MF"Core/Src/main.d" -MT"Core/Src/main.o" --specs=nano.specs -mfpu=fpv4-sp-d16 -mfloat-abi=hard -mthumb -o "Core/Src/main.o"
arm-none-eabi-gcc -o "Task2.elf" @"objects.list"   -mcpu=cortex-m4 -T"/home/pigeon/STM32CubeIDE/workspace_1.7.0/Task2/STM32F407VGTX_FLASH.ld" --specs=nosys.specs -Wl,-Map="Task2.map" -Wl,--gc-sections -static --specs=nano.specs -mfpu=fpv4-sp-d16 -mfloat-abi=hard -mthumb -Wl,--start-group -lc -lm -Wl,--end-group
Finished building target: Task2.elf
 
arm-none-eabi-size   Task2.elf 
arm-none-eabi-objdump -h -S  Task2.elf  > "Task2.list"
arm-none-eabi-objcopy  -O binary  Task2.elf  "Task2.bin"
   text	   data	    bss	    dec	    hex	filename
   6616	     28	   1572	   8216	   2018	Task2.elf
Finished building: default.size.stdout
 
Finished building: Task2.bin
 
Finished building: Task2.list
 
15:45:09 **** Incremental Build of configuration Debug for project Task2 ****
make -j4 all 
arm-none-eabi-gcc "../Core/Src/main.c" -mcpu=cortex-m4 -std=gnu11 -g3 -DDEBUG -DUSE_HAL_DRIVER -DSTM32F407xx -c -I../Core/Inc -I../Drivers/STM32F4xx_HAL_Driver/Inc -I../Drivers/STM32F4xx_HAL_Driver/Inc/Legacy -I../Drivers/CMSIS/Device/ST/STM32F4xx/Include -I../Drivers/CMSIS/Include -O0 -ffunction-sections -fdata-sections -Wall -fstack-usage -MMD -MP -MF"Core/Src/main.d" -MT"Core/Src/main.o" --specs=nano.specs -mfpu=fpv4-sp-d16 -mfloat-abi=hard -mthumb -o "Core/Src/main.o"
arm-none-eabi-gcc -o "Task2.elf" @"objects.list"   -mcpu=cortex-m4 -T"/home/pigeon/STM32CubeIDE/workspace_1.7.0/Task2/STM32F407VGTX_FLASH.ld" --specs=nosys.specs -Wl,-Map="Task2.map" -Wl,--gc-sections -static --specs=nano.specs -mfpu=fpv4-sp-d16 -mfloat-abi=hard -mthumb -Wl,--start-group -lc -lm -Wl,--end-group
Finished building target: Task2.elf
 
arm-none-eabi-size   Task2.elf 
arm-none-eabi-objdump -h -S  Task2.elf  > "Task2.list"
arm-none-eabi-objcopy  -O binary  Task2.elf  "Task2.bin"
   text	   data	    bss	    dec	    hex	filename
   6576	     28	   1572	   8176	   1ff0	Task2.elf
Finished building: default.size.stdout
 
Finished building: Task2.bin
 
Finished building: Task2.list
 
16:06:50 **** Incremental Build of configuration Debug for project Task2 ****
make -j4 all 
arm-none-eabi-gcc "../Core/Src/main.c" -mcpu=cortex-m4 -std=gnu11 -g3 -DDEBUG -DUSE_HAL_DRIVER -DSTM32F407xx -c -I../Core/Inc -I../Drivers/STM32F4xx_HAL_Driver/Inc -I../Drivers/STM32F4xx_HAL_Driver/Inc/Legacy -I../Drivers/CMSIS/Device/ST/STM32F4xx/Include -I../Drivers/CMSIS/Include -O0 -ffunction-sections -fdata-sections -Wall -fstack-usage -MMD -MP -MF"Core/Src/main.d" -MT"Core/Src/main.o" --specs=nano.specs -mfpu=fpv4-sp-d16 -mfloat-abi=hard -mthumb -o "Core/Src/main.o"
arm-none-eabi-gcc -o "Task2.elf" @"objects.list"   -mcpu=cortex-m4 -T"/home/pigeon/STM32CubeIDE/workspace_1.7.0/Task2/STM32F407VGTX_FLASH.ld" --specs=nosys.specs -Wl,-Map="Task2.map" -Wl,--gc-sections -static --specs=nano.specs -mfpu=fpv4-sp-d16 -mfloat-abi=hard -mthumb -Wl,--start-group -lc -lm -Wl,--end-group
Finished building target: Task2.elf
 
arm-none-eabi-size   Task2.elf 
arm-none-eabi-objdump -h -S  Task2.elf  > "Task2.list"
arm-none-eabi-objcopy  -O binary  Task2.elf  "Task2.bin"
   text	   data	    bss	    dec	    hex	filename
   6612	     28	   1572	   8212	   2014	Task2.elf
Finished building: default.size.stdout
 
Finished building: Task2.bin
 
Finished building: Task2.list
 
16:14:29 **** Incremental Build of configuration Debug for project Task2 ****
make -j4 all 
arm-none-eabi-gcc "../Core/Src/main.c" -mcpu=cortex-m4 -std=gnu11 -g3 -DDEBUG -DUSE_HAL_DRIVER -DSTM32F407xx -c -I../Core/Inc -I../Drivers/STM32F4xx_HAL_Driver/Inc -I../Drivers/STM32F4xx_HAL_Driver/Inc/Legacy -I../Drivers/CMSIS/Device/ST/STM32F4xx/Include -I../Drivers/CMSIS/Include -O0 -ffunction-sections -fdata-sections -Wall -fstack-usage -MMD -MP -MF"Core/Src/main.d" -MT"Core/Src/main.o" --specs=nano.specs -mfpu=fpv4-sp-d16 -mfloat-abi=hard -mthumb -o "Core/Src/main.o"
arm-none-eabi-gcc -o "Task2.elf" @"objects.list"   -mcpu=cortex-m4 -T"/home/pigeon/STM32CubeIDE/workspace_1.7.0/Task2/STM32F407VGTX_FLASH.ld" --specs=nosys.specs -Wl,-Map="Task2.map" -Wl,--gc-sections -static --specs=nano.specs -mfpu=fpv4-sp-d16 -mfloat-abi=hard -mthumb -Wl,--start-group -lc -lm -Wl,--end-group
Finished building target: Task2.elf
 
arm-none-eabi-size   Task2.elf 
arm-none-eabi-objdump -h -S  Task2.elf  > "Task2.list"
arm-none-eabi-objcopy  -O binary  Task2.elf  "Task2.bin"
   text	   data	    bss	    dec	    hex	filename
   6612	     28	   1572	   8212	   2014	Task2.elf
Finished building: default.size.stdout
 
Finished building: Task2.bin
 
Finished building: Task2.list
 
