22:55:10 **** Incremental Build of configuration Debug for project Task3 ****
make -j4 all 
arm-none-eabi-gcc "../Core/Src/main.c" -mcpu=cortex-m4 -std=gnu11 -g3 -DDEBUG -DUSE_HAL_DRIVER -DSTM32F407xx -c -I../Core/Inc -I../Drivers/STM32F4xx_HAL_Driver/Inc -I../Drivers/STM32F4xx_HAL_Driver/Inc/Legacy -I../Drivers/CMSIS/Device/ST/STM32F4xx/Include -I../Drivers/CMSIS/Include -O0 -ffunction-sections -fdata-sections -Wall -fstack-usage -MMD -MP -MF"Core/Src/main.d" -MT"Core/Src/main.o" --specs=nano.specs -mfpu=fpv4-sp-d16 -mfloat-abi=hard -mthumb -o "Core/Src/main.o"
arm-none-eabi-gcc -o "Task3.elf" @"objects.list"   -mcpu=cortex-m4 -T"D:\Daniel\Study\GL_Basecamp\EmbeddedBaseCamp\Task3\STM32F407VGTX_FLASH.ld" --specs=nosys.specs -Wl,-Map="Task3.map" -Wl,--gc-sections -static --specs=nano.specs -mfpu=fpv4-sp-d16 -mfloat-abi=hard -mthumb -Wl,--start-group -lc -lm -Wl,--end-group
Finished building target: Task3.elf
 
arm-none-eabi-size   Task3.elf 
arm-none-eabi-objdump -h -S  Task3.elf  > "Task3.list"
arm-none-eabi-objcopy  -O binary  Task3.elf  "Task3.bin"
   text	   data	    bss	    dec	    hex	filename
  11256	     28	   1644	  12928	   3280	Task3.elf
Finished building: default.size.stdout
 
Finished building: Task3.bin
 
Finished building: Task3.list
 

22:55:11 Build Finished. 0 errors, 0 warnings. (took 923ms)

