19:42:11 **** Incremental Build of configuration Debug for project Temperature ****
make -j4 all 
arm-none-eabi-gcc "../Core/Src/main.c" -mcpu=cortex-m4 -std=gnu11 -g3 -DDEBUG -DUSE_HAL_DRIVER -DSTM32F407xx -c -I../Core/Inc -I../Drivers/STM32F4xx_HAL_Driver/Inc -I../Drivers/STM32F4xx_HAL_Driver/Inc/Legacy -I../Drivers/CMSIS/Device/ST/STM32F4xx/Include -I../Drivers/CMSIS/Include -O0 -ffunction-sections -fdata-sections -Wall -fstack-usage -MMD -MP -MF"Core/Src/main.d" -MT"Core/Src/main.o" --specs=nano.specs -mfpu=fpv4-sp-d16 -mfloat-abi=hard -mthumb -o "Core/Src/main.o"
arm-none-eabi-gcc -o "Temperature.elf" @"objects.list"   -mcpu=cortex-m4 -T"/home/pigeon/STM32CubeIDE/workspace_1.7.0/Temperature/STM32F407VGTX_FLASH.ld" --specs=nosys.specs -Wl,-Map="Temperature.map" -Wl,--gc-sections -static --specs=nano.specs -mfpu=fpv4-sp-d16 -mfloat-abi=hard -mthumb -Wl,--start-group -lc -lm -Wl,--end-group
Finished building target: Temperature.elf
 
arm-none-eabi-size   Temperature.elf 
arm-none-eabi-objdump -h -S  Temperature.elf  > "Temperature.list"
arm-none-eabi-objcopy  -O binary  Temperature.elf  "Temperature.bin"
   text	   data	    bss	    dec	    hex	filename
   8020	     20	   1644	   9684	   25d4	Temperature.elf
Finished building: default.size.stdout
 
Finished building: Temperature.bin
 
Finished building: Temperature.list
 

19:42:12 Build Finished. 0 errors, 0 warnings. (took 526ms)

